{
  "type" : "Script",
  "header" : {
    "type" : "Header",
    "directives" : [ {
      "type" : "Version",
      "version" : "1.0"
    }, {
      "type" : "Output",
      "output" : "application/json"
    } ]
  },
  "body" : {
    "type" : "Body",
    "expression" : {
      "type" : "Object",
      "res1" : {
        "type" : "LogicalBinaryExpression",
        "operator" : ">",
        "left" : {
          "type" : "Literal",
          "value" : "10"
        },
        "right" : {
          "type" : "Literal",
          "value" : "5"
        }
      },
      "res2" : {
        "type" : "LogicalBinaryExpression",
        "operator" : "<",
        "left" : {
          "type" : "Literal",
          "value" : "10"
        },
        "right" : {
          "type" : "Literal",
          "value" : "5"
        }
      },
      "res3" : {
        "type" : "LogicalBinaryExpression",
        "operator" : ">=",
        "left" : {
          "type" : "Literal",
          "value" : "10"
        },
        "right" : {
          "type" : "Literal",
          "value" : "5"
        }
      },
      "res4" : {
        "type" : "LogicalBinaryExpression",
        "operator" : "<=",
        "left" : {
          "type" : "Literal",
          "value" : "10"
        },
        "right" : {
          "type" : "Literal",
          "value" : "5"
        }
      },
      "res5" : {
        "type" : "LogicalBinaryExpression",
        "operator" : "==",
        "left" : {
          "type" : "Literal",
          "value" : "10"
        },
        "right" : {
          "type" : "Literal",
          "value" : "5"
        }
      },
      "res6" : {
        "type" : "LogicalBinaryExpression",
        "operator" : "!=",
        "left" : {
          "type" : "Literal",
          "value" : "10"
        },
        "right" : {
          "type" : "Literal",
          "value" : "5"
        }
      }
    }
  }
}
