{
  "type" : "Script",
  "header" : {
    "type" : "Header",
    "directives" : [ {
      "type" : "Version",
      "version" : "1.0"
    }, {
      "type" : "Output",
      "output" : "application/json"
    } ]
  },
  "body" : {
    "type" : "Body",
    "expression" : {
      "type" : "Object",
      "addition" : {
        "type" : "MathBinaryExpression",
        "operator" : "+",
        "left" : {
          "type" : "Literal",
          "value" : "10"
        },
        "right" : {
          "type" : "Literal",
          "value" : "5"
        }
      },
      "subtraction" : {
        "type" : "MathBinaryExpression",
        "operator" : "-",
        "left" : {
          "type" : "Literal",
          "value" : "10"
        },
        "right" : {
          "type" : "Literal",
          "value" : "5"
        }
      },
      "multiplication" : {
        "type" : "MathBinaryExpression",
        "operator" : "*",
        "left" : {
          "type" : "Literal",
          "value" : "10"
        },
        "right" : {
          "type" : "Literal",
          "value" : "5"
        }
      },
      "division" : {
        "type" : "MathBinaryExpression",
        "operator" : "/",
        "left" : {
          "type" : "Literal",
          "value" : "10"
        },
        "right" : {
          "type" : "Literal",
          "value" : "5"
        }
      },
      "modulus" : {
        "type" : "MathBinaryExpression",
        "operator" : "mod",
        "left" : {
          "type" : "Literal",
          "value" : "10"
        },
        "right" : {
          "type" : "Literal",
          "value" : "3"
        }
      }
    }
  }
}
